// Jest Snapshot v1, https://goo.gl/fbAQLP

exports[`rendering cells matches snapshot when lit 1`] = `<DocumentFragment />`;

exports[`rendering cells matches snapshot when not lit 1`] = `<DocumentFragment />`;
